logic__8: 
logic__279: 
logic__109: 
logic__150: 
logic__3: 
datapath__30: 
reg__29: 
datapath__75: 
datapath__103: 
reg__53: 
reg__75: 
case__22: 
logic__80: 
logic__38: 
reg__41: 
case__16: 
datapath__115: 
datapath__87: 
case__21: 
datapath__45: 
datapath__91: 
logic__34: 
datapath__24: 
logic__101: 
datapath__35: 
muxpart__7: 
datapath__126: 
logic__124: 
logic__52: 
logic__19: 
datapath__51: 
reg__22: 
case__10: 
datapath__95: 
muxpart__9: 
datapath__2: 
logic__208: 
reg__15: 
datapath__1: 
reg__65: 
logic__23: 
reg__9: 
reg__60: 
datapath__28: 
datapath__55: 
case__6: 
reg__68: 
datapath__39: 
logic__136: 
logic__137: 
datapath__12: 
reg__14: 
logic__141: 
reg__7: 
counter__2: 
logic__249: 
reg__80: 
reg__73: 
muxpart__2: 
reg__44: 
datapath__17: 
case__23: 
logic__274: 
datapath__16: 
dsp48e1__4: 
logic__43: 
datapath__46: 
datapath__93: 
datapath__14: 
datapath__64: 
muxpart__5: 
logic__200: 
logic__105: 
datapath__73: 
reg__1: 
dsp48e1__10: 
logic__186: 
reg__10: 
logic__203: 
reg__67: 
datapath__41: 
datapath__77: 
datapath__82: 
logic__273: 
dsp48e1__8: 
logic__207: 
logic__158: 
reg__50: 
datapath__5: 
datapath__50: 
datapath__33: 
logic__145: 
reg__87: 
case__18: 
datapath__100: 
reg__82: 
reg__34: 
logic__22: 
logic__151: 
reg__59: 
logic__146: 
logic__281: 
datapath__58: 
datapath__113: 
datapath__109: 
reg__30: 
reg__86: 
datapath__48: 
logic__128: 
case__9: 
case__15: 
reg__31: 
datapath__10: 
logic__7: 
logic__235: 
logic__284: 
datapath__104: 
sram: 
case__13: 
datapath__54: 
reg__24: 
datapath__127: 
logic__265: 
reg__33: 
datapath__9: 
logic__254: 
datapath__32: 
datapath__21: 
reg__81: 
reg__38: 
reg__21: 
reg__4: 
datapath__49: 
datapath__112: 
case__4: 
reg__54: 
reg__64: 
datapath__18: 
datapath__34: 
datapath__107: 
logic__259: 
datapath__106: 
datapath__120: 
dsp48e1__5: 
counter__4: 
reg__79: 
logic__185: 
datapath__27: 
logic__231: 
datapath__85: 
logic__119: 
reg__90: 
logic__250: 
datapath__3: 
reg__48: 
reg__46: 
datapath__68: 
logic__263: 
datapath__67: 
reg__12: 
muxpart__1: 
datapath__98: 
datapath__125: 
logic__110: 
logic__91: 
reg__74: 
datapath__102: 
datapath__4: 
reg__72: 
logic__230: 
case__3: 
logic__31: 
reg__56: 
datapath__76: 
datapath__114: 
reg__19: 
datapath__6: 
reg__63: 
reg__47: 
logic__267: 
logic__238: 
reg__76: 
reg__45: 
logic__15: 
logic__122: 
datapath__47: 
reg__32: 
logic__266: 
datapath__71: 
datapath__74: 
case__2: 
case__28: 
reg__43: 
case__30: 
case__29: 
datapath__118: 
datapath__96: 
datapath__23: 
dsp48e1__9: 
reg__52: 
reg__89: 
case__17: 
datapath__66: 
logic__54: 
reg__27: 
case__7: 
logic__275: 
case__24: 
reg__25: 
case__20: 
logic__11: 
reg__18: 
reg__78: 
reg__6: 
reg__8: 
logic__258: 
reg__49: 
reg__37: 
reg__40: 
reg__11: 
case: 
reg__5: 
logic__228: 
datapath: 
reg__83: 
case__12: 
logic__140: 
logic__157: 
case__11: 
datapath__53: 
case__5: 
logic__276: 
datapath__20: 
logic__229: 
datapath__79: 
datapath__26: 
logic: 
reg__62: 
logic__98: 
datapath__108: 
datapath__121: 
counter__5: 
datapath__42: 
logic__233: 
datapath__117: 
datapath__36: 
datapath__90: 
counter__6: 
reg__77: 
logic__196: 
datapath__83: 
logic__285: 
reg__2: 
logic__25: 
datapath__116: 
logic__234: 
logic__257: 
datapath__97: 
logic__280: 
logic__269: 
logic__90: 
muxpart__10: 
datapath__40: 
logic__27: 
datapath__15: 
datapath__29: 
logic__209: 
datapath__72: 
reg__61: 
logic__79: 
debounce: 
extram: 
reg__28: 
logic__2: 
datapath__61: 
counter__3: 
reg__17: 
datapath__123: 
datapath__31: 
datapath__7: 
datapath__99: 
logic__264: 
datapath__56: 
case__26: 
datapath__81: 
logic__118: 
reg__13: 
logic__202: 
logic__106: 
logic__204: 
datapath__92: 
dsp48e1__6: 
reg__35: 
logic__164: 
logic__26: 
reg__66: 
logic__206: 
muxpart: 
logic__201: 
vga_sync: 
case__1: 
case__31: 
logic__77: 
datapath__124: 
datapath__86: 
datapath__63: 
logic__67: 
datapath__62: 
reg__3: 
datapath__88: 
muxpart__4: 
logic__49: 
logic__199: 
logic__210: 
logic__127: 
datapath__43: 
logic__278: 
logic__268: 
logic__1: 
reg__26: 
case__14: 
datapath__25: 
datapath__22: 
datapath__57: 
datapath__111: 
logic__262: 
logic__211: 
counter__7: 
datapath__105: 
dsp48e1__1: 
logic__165: 
logic__24: 
muxpart__8: 
datapath__37: 
datapath__19: 
datapath__78: 
case__19: 
final: 
datapath__119: 
logic__42: 
reg__20: 
reg__23: 
logic__232: 
reg__51: 
case__8: 
reg__71: 
datapath__13: 
logic__88: 
dsp48e1__3: 
datapath__52: 
datapath__94: 
dsp48e1: 
muxpart__3: 
logic__205: 
reg__42: 
logic__237: 
datapath__65: 
datapath__122: 
reg__85: 
reg__57: 
logic__169: 
reg__39: 
datapath__84: 
logic__89: 
logic__69: 
datapath__70: 
logic__78: 
reg__55: 
dsp48e1__7: 
reg__69: 
reg__36: 
logic__236: 
logic__224: 
logic__123: 
datapath__101: 
datapath__59: 
case__27: 
reg__16: 
counter: 
reg__70: 
logic__190: 
dsp48e1__2: 
logic__142: 
logic__63: 
clk_divider: 
logic__177: 
datapath__8: 
datapath__38: 
datapath__44: 
counter__1: 
reg__58: 
logic__212: 
logic__68: 
datapath__80: 
muxpart__6: 
case__25: 
datapath__89: 
datapath__110: 
reg__88: 
datapath__11: 
reg: 
datapath__69: 
datapath__60: 
reg__84: 
